// Jest Snapshot v1, https://goo.gl/fbAQLP

exports[`github dynamo ETLIssue queries issue, persists to dynamodb 1`] = `Object {}`;

exports[`github dynamo ETLIssue queries issue, persists to dynamodb 2`] = `
Object {
  "Item": Object {
    "assignees": 0,
    "author": "mikksoone",
    "body_length": 2733,
    "closed_at": 1550815042000,
    "closed_by": "thockin",
    "comments": 253,
    "created_at": 1512598487000,
    "holder": "kubernetes",
    "id": 56903,
    "repo": "kubernetes",
    "time_to_close": 38216555000,
    "url": "https://api.github.com/repos/kubernetes/kubernetes",
  },
}
`;

exports[`github dynamo ETLPullRequest queries pull request, persists to dynamodb 1`] = `Object {}`;

exports[`github dynamo ETLPullRequest queries pull request, persists to dynamodb 2`] = `
Object {
  "Item": Object {
    "additions": 10,
    "assignees": 9,
    "author": "palnabarun",
    "body_length": 336,
    "changed_files": 2,
    "closed_at": 1610132191000,
    "commits": 1,
    "created_at": 1610130783000,
    "deletions": 5,
    "holder": "kubernetes",
    "id": 1513,
    "merged_at": 1610132190000,
    "merged_by": "k8s-ci-robot",
    "repo": "k8s.io",
    "review_comments": 0,
    "reviewers": 2,
    "time_to_merge": 1407000,
    "url": "https://api.github.com/repos/kubernetes/k8s.io",
  },
}
`;
